f_cpr_DelayAdjProc.c:139:6:f_cpr_dly_max_init	48	static
f_cpr_DelayAdjProc.c:146:6:f_cpr_dly_max_get_max	48	static
f_cpr_DelayAdjProc.c:179:6:f_cpr_backup_param	32	static
f_cpr_DelayAdjProc.c:213:6:f_cpr_DelayAdjustProc_Get_CP_CPRTDLY	64	static
f_cpr_DelayAdjProc.c:247:6:f_cpr_DelayAdjustProc_Get_REn_T14	48	static
f_cpr_DelayAdjProc.c:276:6:f_cpr_DelayAdjustProc_Get_Toffset_REn	64	static
f_cpr_DelayAdjProc.c:303:6:f_cpr_DelayAdjustProc_Get_T12_REn	80	static
f_cpr_DelayAdjProc.c:332:6:f_cpr_DelayAdjustProc_Get_Xn	48	static
f_cpr_DelayAdjProc.c:351:6:f_cpr_DelayAdjustProc_Get_Yn	48	static
f_cpr_DelayAdjProc.c:369:6:f_cpr_DelayAdjustProc_Get_Xn_plus_T12_RE	64	static
f_cpr_DelayAdjProc.c:387:6:f_cpr_DelayAdjustProc_Get_Yn_plus_T12_RE	64	static
f_cpr_DelayAdjProc.c:406:6:f_cpr_DelayAdjustProc_Get_MAX_Delay	192	static
f_cpr_DelayAdjProc.c:493:6:f_cpr_DelayAdjustProc_CollectParam_T14_toffset	48	static
f_cpr_DelayAdjProc.c:511:6:f_cpr_DelayAdjustProc_CollectParam_REn	48	static
f_cpr_DelayAdjProc.c:543:6:f_cpr_DelayAdjustProc_CollectParam_Step3	32	static
f_cpr_DelayAdjProc.c:611:6:f_cpr_DelayAdjustProc_CollectParam_Step7	64	static
f_cpr_DelayAdjProc.c:634:6:f_cpr_DelayAdjustProc_CollectParam_Step10	64	static
f_cpr_DelayAdjProc.c:656:6:f_cpr_DelayAdjustProc_Set_Toffset_FHM	32	static
f_cpr_DelayAdjProc.c:677:5:f_cpr_DelayAdjustProc_CheckSetVal_Adjust_LTE_DL	64	static
f_cpr_DelayAdjProc.c:717:6:f_cpr_DelayAdjustProc_Adjust_LTE_DL	64	static
f_cpr_DelayAdjProc.c:756:6:f_cpr_DelayAdjustProc_Init_MIX_LUL	64	static
f_cpr_DelayAdjProc.c:782:6:f_cpr_DelayAdjustStep3Proc	64	static
f_cpr_DelayAdjProc.c:908:5:f_cpr_DelayAdjust_IsMatchParam	64	static
f_cpr_DelayAdjProc.c:940:6:f_cpr_DelayAdjust_CPM_DLUL	64	static
f_cpr_DelayAdjProc.c:980:5:f_cpr_DelayAdjust_CPM_S3G_UL	80	static
f_cpr_DelayAdjProc.c:1035:5:f_cpr_DelayAdjust_CPM_3G_DL	80	static
f_cpr_DelayAdjProc.c:1088:5:f_cpr_DelayAdjust_CPM_3G_UL	80	static
f_cpr_DelayAdjProc.c:1142:6:f_cpr_DelayAdjustStep7Proc_CheckFail	64	static
f_cpr_DelayAdjProc.c:1195:6:f_cpr_DelayAdjustStep7Proc	128	static
f_cpr_DelayAdjProc.c:1309:5:f_cpr_DelayAdjustStep10Proc_IsWithinMax	64	static
f_cpr_DelayAdjProc.c:1433:6:f_cpr_DelayAdjustStep10_ForceStop	96	static
f_cpr_DelayAdjProc.c:1535:6:f_cpr_DelayAdjustStep10Proc	112	static
f_cpr_DelayAdjProc.c:1714:6:f_cpr_DelayAdjust_CPMnDisable	208	static
f_cpr_DelayAdjProc.c:1759:6:f_cpr_DelayAdjust_ClearStateProc	48	static
f_cpr_DelayAdjProc.c:1772:6:f_cpr_DelayAdjust_ClearState	32	static
