value.h:419:1:mrb_fixnum_value	64	static
value.h:467:1:mrb_false_value	48	static
value.h:485:1:mrb_true_value	48	static
rrhlib_device_access.c:29:6:rrhlib_device_svtx_sub6	48	static
rrhlib_device_access.c:43:6:rrhlib_device_svtx_mmw	64	static
rrhlib_device_access.c:57:6:rrhlib_device_svrx_sub6	48	static
rrhlib_device_access.c:71:6:rrhlib_device_svrx_mmw	64	static
rrhlib_device_access.c:85:6:rrhlib_device_svpa_sub6	48	static
rrhlib_device_access.c:99:6:rrhlib_device_svpa_mmw	48	static
rrhlib_device_access.c:132:11:rrhlib_device_register_read	176	static
rrhlib_device_access.c:193:11:rrhlib_device_register_write	112	static
rrhlib_device_access.c:244:11:rrhlib_device_register_biton	112	static
rrhlib_device_access.c:293:11:rrhlib_device_register_bitoff	112	static
rrhlib_device_access.c:343:11:rrhlib_device_eeprom_read	176	static
rrhlib_device_access.c:402:11:rrhlib_device_eeprom_read_txt	6256	static
rrhlib_device_access.c:467:11:rrhlib_device_eeprom_write	80	static
rrhlib_device_access.c:520:11:rrhlib_device_qspi_flash_read_btver	96	static
rrhlib_device_access.c:581:11:rrhlib_device_qspi_flash_read	176	static
rrhlib_device_access.c:667:11:rrhlib_device_qspi_flash_read_b	160	static
rrhlib_device_access.c:738:11:rrhlib_device_qspi_flash_write	144	static
rrhlib_device_access.c:813:11:rrhlib_device_qspi_flash_erase	128	static
rrhlib_device_access.c:885:11:rrhlib_device_sfp_read	1536	static
rrhlib_device_access.c:983:11:rrhlib_device_sfp_write	80	static
rrhlib_device_access.c:1040:11:rrhlib_device_temp_read	144	static
rrhlib_device_access.c:1079:11:rrhlib_device_temp_read2	144	static
rrhlib_device_access.c:1118:11:rrhlib_device_mmipld_read	160	static
rrhlib_device_access.c:1161:11:rrhlib_device_mmipld_write	80	static
rrhlib_device_access.c:1198:11:rrhlib_device_cpld0_read	64	static
rrhlib_device_access.c:1244:11:rrhlib_device_cpld0_write	64	static
rrhlib_device_access.c:1283:11:rrhlib_device_cpld1_read	64	static
rrhlib_device_access.c:1329:11:rrhlib_device_cpld1_write	64	static
rrhlib_device_access.c:1368:11:rrhlib_device_txrf_read	160	static
rrhlib_device_access.c:1411:11:rrhlib_device_txrf_write	96	static
rrhlib_device_access.c:1449:11:rrhlib_device_rxrf_read	160	static
rrhlib_device_access.c:1492:11:rrhlib_device_rxrf_write	112	dynamic,bounded
rrhlib_device_access.c:1530:11:rrhlib_device_rfic_read	160	static
rrhlib_device_access.c:1573:11:rrhlib_device_rfic_write	96	static
rrhlib_device_access.c:1612:11:rrhlib_device_pll_read	160	static
rrhlib_device_access.c:1654:11:rrhlib_device_pll_write	80	static
rrhlib_device_access.c:1692:11:rrhlib_device_ptp_read	160	static
rrhlib_device_access.c:1734:11:rrhlib_device_ptp_write	80	static
rrhlib_device_access.c:1774:11:rrhlib_device_qmod_read	192	dynamic,bounded
rrhlib_device_access.c:1827:11:rrhlib_device_qmod_write	112	dynamic,bounded
rrhlib_device_access.c:1870:11:rrhlib_device_qdem_read	192	dynamic,bounded
rrhlib_device_access.c:1922:11:rrhlib_device_qdem_write	112	dynamic,bounded
rrhlib_device_access.c:1965:11:rrhlib_device_rfpll_read	160	static
rrhlib_device_access.c:2015:11:rrhlib_device_rfpll_write	80	static
rrhlib_device_access.c:2057:11:rrhlib_device_rfe_read	160	static
rrhlib_device_access.c:2109:11:rrhlib_device_rfe_write	80	static
rrhlib_device_access.c:2148:11:rrhlib_device_rxadc_read	160	static
rrhlib_device_access.c:2198:11:rrhlib_device_rxadc_write	80	static
rrhlib_device_access.c:2236:11:rrhlib_device_txdac_read	160	static
rrhlib_device_access.c:2286:11:rrhlib_device_txdac_write	80	static
rrhlib_device_access.c:2326:11:rrhlib_device_srxv_read	160	static
rrhlib_device_access.c:2375:11:rrhlib_device_srxv_write	80	static
rrhlib_device_access.c:2415:11:rrhlib_device_stxv_read	160	static
rrhlib_device_access.c:2464:11:rrhlib_device_stxv_write	80	static
rrhlib_device_access.c:2506:11:rrhlib_device_set_bias	128	dynamic,bounded
rrhlib_device_access.c:2594:11:rrhlib_device_adjpawrt	96	static
rrhlib_device_access.c:2633:11:rrhlib_device_ptp_read2	256	dynamic
rrhlib_device_access.c:2694:11:rrhlib_device_ptp_write2	96	static
rrhlib_device_access.c:2743:11:rrhlib_kind_get	144	static
rrhlib_device_access.c:2780:11:rrhlib_kind_set	80	static
rrhlib_device_access.c:2822:11:rrhlib_irqwait	80	static
rrhlib_device_access.c:2854:11:rrhlib_device_svtx	112	static
rrhlib_device_access.c:2929:11:rrhlib_device_svrx	112	static
rrhlib_device_access.c:3004:11:rrhlib_device_svpa	96	static
rrhlib_device_access.c:3078:11:rrhlib_device_apddbgon	96	static
rrhlib_device_access.c:3136:11:rrhlib_device_apddbgof	96	static
rrhlib_device_access.c:3195:11:rrhlib_device_power	80	static
rrhlib_device_access.c:3231:11:rrhlib_device_carrsetparam	208	dynamic,bounded
rrhlib_device_access.c:3281:11:rrhlib_device_carrparaminf	80	static
rrhlib_device_access.c:3320:11:rrhlib_device_DataTxGen	96	static
rrhlib_device_access.c:3454:11:rrhlib_device_fandac_write	96	static
rrhlib_device_access.c:3611:11:rrhlib_ptpapr_get	176	static
rrhlib_device_access.c:3671:11:rrhlib_ptpapr_set	144	dynamic,bounded
rrhlib_device_access.c:3743:11:rrhlib_fanInfo_get	112	static
rrhlib_device_access.c:5097:11:rrhlib_device_setFHfsOffFlg	80	static
rrhlib_device_access.c:5137:6:rrhlib_device_access_install	48	static
