value.h:419:1:mrb_fixnum_value	64	static
value.h:467:1:mrb_false_value	48	static
value.h:485:1:mrb_true_value	48	static
rrhlib_soc.c:165:13:rrhlib_soc_head_to_obj	144	static
rrhlib_soc.c:214:13:rrhlib_soc_obj_to_head	128	static
rrhlib_soc.c:264:11:rrhlib_tsocket	96	static
rrhlib_soc.c:302:11:rrhlib_tconnect	128	dynamic,bounded
rrhlib_soc.c:339:11:rrhlib_tlisten	80	static
rrhlib_soc.c:371:11:rrhlib_taccept	192	dynamic,bounded
rrhlib_soc.c:428:11:rrhlib_tsend	256	static
rrhlib_soc.c:498:11:rrhlib_tsend2	16512	static
rrhlib_soc.c:569:11:rrhlib_trecv	272	static
rrhlib_soc.c:648:11:rrhlib_trecv2	16528	static
rrhlib_soc.c:702:11:rrhlib_usocket	96	static
rrhlib_soc.c:737:11:rrhlib_usend	320	dynamic,bounded
rrhlib_soc.c:814:11:rrhlib_urecv	304	static
rrhlib_soc.c:899:11:rrhlib_bind	144	dynamic,bounded
rrhlib_soc.c:942:11:rrhlib_recv	96	static
rrhlib_soc.c:986:11:rrhlib_recvfrom	160	dynamic,bounded
rrhlib_soc.c:1036:11:rrhlib_send	96	static
rrhlib_soc.c:1079:11:rrhlib_sendto	160	dynamic,bounded
rrhlib_soc.c:1123:11:rrhlib_select	256	static
rrhlib_soc.c:1166:11:rrhlib_nselect	288	static
rrhlib_soc.c:1230:11:rrhlib_close	64	static
rrhlib_soc.c:1258:11:rrhlib_tftpget	160	static
rrhlib_soc.c:1339:11:rrhlib_tftpset	144	static
rrhlib_soc.c:1419:11:rrhlib_httpget	144	static
rrhlib_soc.c:1469:11:rrhlib_httpset	128	static
rrhlib_soc.c:1525:11:rrhlib_ioctl	128	static
rrhlib_soc.c:1564:11:rrhlib_ntoa	112	static
rrhlib_soc.c:1599:11:rrhlib_aton	96	static
rrhlib_soc.c:1629:11:rrhlib_lbmsend	656	dynamic,bounded
rrhlib_soc.c:1781:11:rrhlib_lbmrecv	368	dynamic,bounded
rrhlib_soc.c:1858:11:rrhlib_rawsend	192	static
rrhlib_soc.c:1930:11:rrhlib_rawrecv	192	static
rrhlib_soc.c:2002:11:rrhlib_rawsend_f	4752	dynamic,bounded
rrhlib_soc.c:2106:11:rrhlib_rawrecv_f	4496	dynamic,bounded
rrhlib_soc.c:2216:6:rrhlib_soc_install	48	static
