tm_lb_1_p.c:34:6:tm_lb_1_m1e0s0p	48	static
tm_lb_1_p.c:61:6:tm_lb_1_m1e2s0p	64	dynamic,bounded
tm_lb_1_p.c:131:6:tm_lb_1_m1e18s0p	48	static
tm_lb_1_p.c:174:6:tm_lb_1_m1e25s0p	336	dynamic,bounded
tm_lb_1_p.c:350:6:tm_lb_1_m1e6s1p	80	dynamic,bounded
tm_lb_1_p.c:454:6:tm_lb_1_m1e8s1p	80	static
tm_lb_1_p.c:518:6:tm_lb_1_m1e22s1p	48	static
tm_lb_1_p.c:551:6:tm_lb_1_m1e23s1p	48	static
tm_lb_1_p.c:579:6:tm_lb_1_m1e6s2p	64	dynamic,bounded
tm_lb_1_p.c:632:6:tm_lb_1_m1e7s2p	80	dynamic,bounded
tm_lb_1_p.c:724:6:tm_lb_1_m1e8s2p	80	dynamic,bounded
tm_lb_1_p.c:802:6:tm_lb_1_m1e9s2p	112	dynamic,bounded
tm_lb_1_p.c:910:6:tm_lb_1_m1e12s2p	112	dynamic,bounded
tm_lb_1_p.c:1108:6:tm_lb_1_m1e17s2p	80	dynamic,bounded
tm_lb_1_p.c:1165:6:tm_lb_1_m1e18s2p	48	static
tm_lb_1_p.c:1192:6:tm_lb_1_m1e22s2p	80	dynamic,bounded
tm_lb_1_p.c:1252:6:tm_lb_1_m1e25s2p	336	dynamic,bounded
tm_lb_1_p.c:1458:6:tm_lb_1_m1e6s3p	112	dynamic,bounded
tm_lb_1_p.c:1566:6:tm_lb_1_m1e8s3p	112	dynamic,bounded
tm_lb_1_p.c:1655:6:tm_lb_1_m1e12s3p	112	dynamic,bounded
tm_lb_1_p.c:1790:6:tm_lb_1_m1e17s3p	80	dynamic,bounded
tm_lb_1_p.c:1845:6:tm_lb_1_m1e22s3p	80	dynamic,bounded
tm_lb_1_p.c:1901:6:tm_lb_1_m1e0s4p	48	static
tm_lb_1_p.c:1922:6:tm_lb_1_m1e1s4p	48	static
tm_lb_1_p.c:2007:6:tm_lb_1_m1e2s4p	96	dynamic,bounded
tm_lb_1_p.c:2420:6:tm_lb_1_m1e3s4p	80	dynamic,bounded
tm_lb_1_p.c:2571:6:tm_lb_1_m1e4s4p	80	dynamic,bounded
tm_lb_1_p.c:2734:6:tm_lb_1_m1e5s4p	80	dynamic,bounded
tm_lb_1_p.c:2880:6:tm_lb_1_m1e6s4p	64	dynamic,bounded
tm_lb_1_p.c:2976:6:tm_lb_1_m1e7s4p	64	dynamic,bounded
tm_lb_1_p.c:3058:6:tm_lb_1_m1e8s4p	48	static
tm_lb_1_p.c:3133:6:tm_lb_1_m1e9s4p	80	static
tm_lb_1_p.c:3202:6:tm_lb_1_m1e10s4p	48	static
tm_lb_1_p.c:3251:6:tm_lb_1_m1e11s4p	48	static
tm_lb_1_p.c:3305:6:tm_lb_1_m1e12s4p	48	static
tm_lb_1_p.c:3354:6:tm_lb_1_m1e13s4p	64	dynamic,bounded
tm_lb_1_p.c:3429:6:tm_lb_1_m1e14s4p	48	static
tm_lb_1_p.c:3479:6:tm_lb_1_m1e15s4p	64	dynamic,bounded
tm_lb_1_p.c:3558:6:tm_lb_1_m1e16s4p	80	dynamic,bounded
tm_lb_1_p.c:3682:6:tm_lb_1_m1e17s4p	48	static
tm_lb_1_p.c:3730:6:tm_lb_1_m1e18s4p	48	static
tm_lb_1_p.c:3780:6:tm_lb_1_m1e19s4p	80	dynamic,bounded
tm_lb_1_p.c:3857:6:tm_lb_1_m1e20s4p	112	dynamic,bounded
tm_lb_1_p.c:4026:6:tm_lb_1_m1e21s4p	80	dynamic,bounded
tm_lb_1_p.c:4074:6:tm_lb_1_m1e22s4p	48	static
tm_lb_1_p.c:4127:6:tm_lb_1_m1e25s4p	336	dynamic,bounded
tm_lb_1_p.c:4327:6:tm_lb_1_m1e1s5p	48	static
tm_lb_1_p.c:4402:6:tm_lb_1_m1e2s5p	96	dynamic,bounded
tm_lb_1_p.c:4820:6:tm_lb_1_m1e3s5p	80	dynamic,bounded
tm_lb_1_p.c:5002:6:tm_lb_1_m1e4s5p	80	dynamic,bounded
tm_lb_1_p.c:5187:6:tm_lb_1_m1e12s5p	80	static
tm_lb_1_p.c:5299:6:tm_lb_1_m1e14s5p	48	static
tm_lb_1_p.c:5322:6:tm_lb_1_m1e0s8p	80	dynamic,bounded
tm_lb_1_p.c:5477:6:tm_lb_1_m1e1s8p	64	dynamic,bounded
tm_lb_1_p.c:5574:6:tm_lb_1_m1e2s8p	48	static
tm_lb_1_p.c:5601:6:tm_lb_1_m1e24s8p	64	dynamic,bounded
