tm_lb_lappr.c:31:6:lblap_estlnk	80	dynamic,bounded
tm_lb_lappr.c:84:6:lblap_transp	80	dynamic,bounded
tm_lb_lappr.c:185:6:lblap_transf	64	dynamic,bounded
tm_lb_lappr.c:246:6:lblap_conf1	64	dynamic,bounded
tm_lb_lappr.c:411:6:lblap_conf2	80	dynamic,bounded
tm_lb_lappr.c:689:6:lblap_retrs	80	dynamic,bounded
tm_lb_lappr.c:797:6:lblap_vanr1	48	static
tm_lb_lappr.c:850:6:lblap_vanr2	48	static
tm_lb_lappr.c:877:6:lblap_frmrer	64	dynamic,bounded
tm_lb_lappr.c:988:6:lblap_vrinc	48	static
tm_lb_lappr.c:1015:6:lblap_vanrvs	80	static
tm_lb_lappr.c:1079:6:lblap_chkctl	80	static
tm_lb_lappr.c:1795:6:lblap_mkdisc	48	static
tm_lb_lappr.c:1836:6:lblap_mkua	48	static
tm_lb_lappr.c:1897:6:lblap_mkdm	48	static
tm_lb_lappr.c:1957:6:lblap_mkrej	64	static
tm_lb_lappr.c:2044:6:lblap_l2datpr	48	static
tm_lb_lappr.c:2079:6:lblap_clrcnd	48	static
tm_lb_lappr.c:2123:6:lblap_stopt2	80	dynamic,bounded
tm_lb_lappr.c:2158:6:lblap_clrval	48	static
tm_lb_lappr.c:2185:6:lblap_disciq	80	dynamic,bounded
tm_lb_lappr.c:2362:6:lblap_sndu	64	dynamic,bounded
tm_lb_lappr.c:2465:6:lblap_snds	64	dynamic,bounded
tm_lb_lappr.c:2565:6:lblap_sndi	80	dynamic,bounded
tm_lb_lappr.c:2698:6:lblap_vsvak	64	static
tm_lb_lappr.c:2755:6:lblap_mki	64	static
tm_lb_lappr.c:2817:7:lblap_vsinc	48	static
tm_lb_lappr.c:2845:6:lblap_mksabm	48	static
tm_lb_lappr.c:2891:6:lblap_mkrr	64	static
tm_lb_lappr.c:2973:6:lblap_mkrnr	64	static
tm_lb_lappr.c:3059:6:lblap_mkfrmr	48	static
tm_lb_lappr.c:3154:6:lblap_freeak	64	dynamic,bounded
