dpddbg.c:198:6:f_dpddbg_getReKind	48	static
dpddbg.c:244:6:f_dpddbg_getRuIndex	48	static
dpddbg.c:300:5:dbgcmd_exec_pf_dpda	64	static
dpddbg.c:339:5:dbgcmd_exec_pf_dpda_tdd_35g	160	static
dpddbg.c:428:6:f_dpddbg_printAlmLog	160	dynamic,bounded
dpddbg.c:701:6:f_dpddbg_printAlarmStateAll	80	static
dpddbg.c:735:6:f_dpddbg_printAlmLogALL	240	static
dpddbg.c:905:6:f_dpddbg_printAlmLogAlarmState	176	dynamic,bounded
dpddbg.c:974:6:f_dpddbg_printAlmLogAlmThreshold	96	static
dpddbg.c:1040:6:f_dpddbg_printAlmLogAntCarState	128	dynamic,bounded
dpddbg.c:1133:6:f_dpddbg_printAlmLogStatusInfoAck	160	dynamic,bounded
dpddbg.c:1316:6:f_dpddbg_printAlmLogCarStatLog	112	dynamic,bounded
dpddbg.c:1394:6:f_dpddbg_printAlmLogTaskInf	80	static
dpddbg.c:1460:6:f_dpddbg_printAlmLogRegData	1696	static
dpddbg.c:1548:6:f_dpddbg_printCarrierInfoData	144	dynamic,bounded
dpddbg.c:1654:6:f_dpddbg_changeTrainingData	96	static
dpddbg.c:1752:6:f_dpddbg_changeTrainingData_mmW	112	static
dpddbg.c:1859:6:f_dpddbg_changeRegisterFlg	96	static
dpddbg.c:1935:6:f_dpddbg_changeVirtualRegister	112	static
dpddbg.c:2022:6:f_dpddbg_printTrainingData	96	static
dpddbg.c:2191:6:f_dpddbg_almThreshSet	128	static
dpddbg.c:2328:6:f_dpddbg_almThreshSetUsage	48	static
dpddbg.c:2378:6:f_dpddbg_1secReport	80	static
dpddbg.c:2419:6:f_dpddbg_printTemprature	144	dynamic,bounded
dpddbg.c:2525:6:f_dpddbg_TempTimeSet	96	static
dpddbg.c:2591:6:f_dpddbg_help	48	static
