RFIC_mmW_API.c:17:5:RFIC_mmW_RF_PLL	1008	dynamic,bounded
RFIC_mmW_API.c:301:5:RFIC_mmW_RF_AMP_DAC	96	dynamic,bounded
RFIC_mmW_API.c:364:5:RFIC_mmW_PGC_BIAS	160	dynamic,bounded
RFIC_mmW_API.c:427:5:RFIC_mmW_PGC_LUT_45TableToNew45Table	640	dynamic,bounded
RFIC_mmW_API.c:495:5:RFIC_mmW_PGC_LUT	272	dynamic,bounded
RFIC_mmW_API.c:653:5:RFIC_mmW_TX_VATT_DAC	96	dynamic,bounded
RFIC_mmW_API.c:711:5:RFIC_mmW_RX_VATT_DAC	96	dynamic,bounded
RFIC_mmW_API.c:784:5:RFIC_mmW_QMOD_QDEM_DAC	112	dynamic,bounded
RFIC_mmW_API.c:884:5:RFIC_mmW_QMOD	144	dynamic,bounded
RFIC_mmW_API.c:1004:5:RFIC_mmW_QDEM	128	dynamic,bounded
RFIC_mmW_API.c:1131:5:RFIC_mmW_TX_DAC	64	static
RFIC_mmW_API.c:1248:5:RFIC_mmW_RX_ADC	48	static
RFIC_mmW_API.c:1332:5:RFIC_mmW_JC_PLL	80	static
RFIC_mmW_API.c:1375:5:f_dpda_mmW_setTxDacSerdesParameter	64	static
RFIC_mmW_API.c:1463:5:f_dpda_mmW_setTxDacJesdQpllJsfwPhy	96	static
RFIC_mmW_API.c:1605:5:f_dpda_mmW_retryTxDacJesdQpllJsfwPhy	80	static
RFIC_mmW_API.c:1675:5:f_dpda_mmW_setTxDac	112	dynamic,bounded
RFIC_mmW_API.c:2000:5:f_dpda_mmW_setTxDacJesd	112	dynamic,bounded
RFIC_mmW_API.c:2128:14:f_dpda_mmW_setTxDacLinkPage	96	dynamic,bounded
RFIC_mmW_API.c:2192:5:f_dpda_mmW_setRxAdc	48	static
RFIC_mmW_API.c:2344:5:f_dpda_mmW_setRxAdcJesd	96	static
RFIC_mmW_API.c:2441:5:f_dpda_mmW_checkRxAdcIlas	96	dynamic,bounded
RFIC_mmW_API.c:2519:5:RFIC_mmW_TXEQ	112	dynamic,bounded
RFIC_mmW_API.c:2565:5:RFIC_mmW_START	112	static
