m_dl_ramAccess.c:49:6:init_DLM	32	static
m_dl_ramAccess.c:54:8:get_executing_DL_start_factor	32	static
m_dl_ramAccess.c:58:8:get_updating_link_info	48	static
m_dl_ramAccess.c:65:8:get_flash_write_flag	32	static
m_dl_ramAccess.c:69:8:get_DownLoading_RE_file_read_status	32	static
m_dl_ramAccess.c:73:8:get_DownLoading_RE_file_info	32	static
m_dl_ramAccess.c:77:8:get_DLM_maker_id	32	static
m_dl_ramAccess.c:81:8:get_DLM_major_version_using	32	static
m_dl_ramAccess.c:85:8:get_DLM_minor_version_using	32	static
m_dl_ramAccess.c:89:8:get_DLM_major_version_startup	32	static
m_dl_ramAccess.c:93:8:get_DLM_minor_version_startup	32	static
m_dl_ramAccess.c:97:6:set_executing_DL_start_factor	48	static
m_dl_ramAccess.c:101:6:set_updating_link_info	48	static
m_dl_ramAccess.c:105:6:set_flash_write_flag	48	static
m_dl_ramAccess.c:109:6:set_DownLoading_RE_file_read_status	48	static
m_dl_ramAccess.c:114:6:set_DownLoading_RE_file_info	48	static
m_dl_ramAccess.c:119:6:set_DLM_maker_id	48	static
m_dl_ramAccess.c:123:6:set_DLM_major_version_using	48	static
m_dl_ramAccess.c:127:6:set_DLM_minor_version_using	48	static
m_dl_ramAccess.c:131:6:set_DLM_major_version_startup	48	static
m_dl_ramAccess.c:135:6:set_DLM_minor_version_startup	48	static
m_dl_ramAccess.c:142:6:init_REC	32	static
m_dl_ramAccess.c:147:8:get_REC_status	32	static
m_dl_ramAccess.c:151:8:get_REC_using_timer	32	static
m_dl_ramAccess.c:155:8:get_REC_recived_part_no	32	static
m_dl_ramAccess.c:159:8:get_REC_recived_data_size	32	static
m_dl_ramAccess.c:163:8:get_REC_file_info_report_result	32	static
m_dl_ramAccess.c:167:8:get_REC_file_data_send_complete_report_result	32	static
m_dl_ramAccess.c:172:6:set_REC_status	48	static
m_dl_ramAccess.c:176:6:set_REC_using_timer	48	static
m_dl_ramAccess.c:180:6:set_REC_recived_part_no	48	static
m_dl_ramAccess.c:184:6:set_REC_recived_data_size	48	static
m_dl_ramAccess.c:188:6:set_REC_file_info_report_result	48	static
m_dl_ramAccess.c:192:6:set_REC_file_data_send_complete_report_result	48	static
m_dl_ramAccess.c:200:6:init_all_REFW	32	static
m_dl_ramAccess.c:209:6:init_REFW	48	static
m_dl_ramAccess.c:214:8:get_CPRI_no	48	static
m_dl_ramAccess.c:218:8:get_RE_status	48	static
m_dl_ramAccess.c:223:8:get_update_start_factor	48	static
m_dl_ramAccess.c:227:8:get_REFW_maker_id	48	static
m_dl_ramAccess.c:231:8:get_REFW_major_version_using	48	static
m_dl_ramAccess.c:235:8:get_REFW_minor_version_using	48	static
m_dl_ramAccess.c:239:8:get_REFW_major_version_startup	48	static
m_dl_ramAccess.c:243:8:get_REFW_minor_version_startup	48	static
m_dl_ramAccess.c:247:8:get_REFW_using_timer	48	static
m_dl_ramAccess.c:251:8:get_FHMRE_index	48	static
m_dl_ramAccess.c:255:7:get_transfer_complete_part_no	48	static
m_dl_ramAccess.c:259:7:get_transfer_complete_data_size	48	static
m_dl_ramAccess.c:263:8:get_report_result	48	static
m_dl_ramAccess.c:267:8:get_resend_counter	48	static
m_dl_ramAccess.c:272:6:set_CPRI_no	48	static
m_dl_ramAccess.c:276:6:set_RE_status	48	static
m_dl_ramAccess.c:280:6:set_update_start_factor	48	static
m_dl_ramAccess.c:284:6:set_REFW_maker_id	48	static
m_dl_ramAccess.c:288:6:set_REFW_major_version_using	48	static
m_dl_ramAccess.c:292:6:set_REFW_minor_version_using	48	static
m_dl_ramAccess.c:296:6:set_REFW_major_version_startup	48	static
m_dl_ramAccess.c:300:6:set_REFW_minor_version_startup	48	static
m_dl_ramAccess.c:304:6:set_REFW_using_timer	48	static
m_dl_ramAccess.c:308:6:set_FHMRE_index	48	static
m_dl_ramAccess.c:312:6:set_transfer_complete_part_no	48	static
m_dl_ramAccess.c:316:6:set_transfer_complete_data_size	48	static
m_dl_ramAccess.c:320:6:set_report_result	48	static
m_dl_ramAccess.c:324:6:set_resend_counter	48	static
m_dl_ramAccess.c:329:8:convert_CPRI_no_REFW_index	48	static
m_dl_ramAccess.c:336:8:search_REFW_maker_id	48	static
m_dl_ramAccess.c:351:8:can_retry	48	static
m_dl_ramAccess.c:380:8:all_RE_idle	32	static
m_dl_ramAccess.c:424:8:m_dl_StartTimer	64	static
m_dl_ramAccess.c:466:8:m_dl_StopTimer	64	static
m_dl_ramAccess.c:478:6:init_all_FHMRE	32	static
m_dl_ramAccess.c:482:8:get_FHMRE_maker_id	48	static
m_dl_ramAccess.c:486:8:get_FHMRE_major_version	48	static
m_dl_ramAccess.c:490:8:get_FHMRE_minor_version	48	static
m_dl_ramAccess.c:494:8:get_maker_id_RE_connection_exist	48	static
m_dl_ramAccess.c:498:9:get_FHMRE_file_name	48	static
m_dl_ramAccess.c:502:7:get_FHMRE_file_size	48	static
m_dl_ramAccess.c:506:7:get_file_date	48	static
m_dl_ramAccess.c:510:7:get_number_part	48	static
m_dl_ramAccess.c:514:7:get_file_data_expand_first_addr	48	static
m_dl_ramAccess.c:519:6:set_FHMRE_maker_id	48	static
m_dl_ramAccess.c:523:6:set_FHMRE_major_version	48	static
m_dl_ramAccess.c:527:6:set_FHMRE_minor_version	48	static
m_dl_ramAccess.c:531:6:set_maker_id_RE_connection_exist	48	static
m_dl_ramAccess.c:535:6:set_FHMRE_file_name	48	static
m_dl_ramAccess.c:539:6:set_FHMRE_file_size	48	static
m_dl_ramAccess.c:547:6:set_number_part	48	static
m_dl_ramAccess.c:551:6:set_file_data_expand_first_addr	48	static
m_dl_ramAccess.c:556:8:convert_CPRI_no_FHMRE_index	48	static
m_dl_ramAccess.c:569:8:search_FHMRE_maker_id	48	static
m_dl_ramAccess.c:603:6:RE_forwarding_notice	48	static
m_dl_ramAccess.c:620:5:send_msg_to_RE	48	static
m_dl_ramAccess.c:665:8:is_updating_link_exist	32	static
m_dl_ramAccess.c:672:6:reset_updating_link_info	48	dynamic,bounded
