m_dl_typ.c:14:6:REFW_init	48	static
m_dl_typ.c:32:8:REFW_get_CPRI_no	48	static
m_dl_typ.c:36:8:REFW_get_RE_status	48	static
m_dl_typ.c:40:8:REFW_get_update_start_factor	48	static
m_dl_typ.c:44:8:REFW_get_maker_id	48	static
m_dl_typ.c:48:8:REFW_get_major_version_using	48	static
m_dl_typ.c:52:8:REFW_get_minor_version_using	48	static
m_dl_typ.c:56:8:REFW_get_major_version_startup	48	static
m_dl_typ.c:60:8:REFW_get_minor_version_startup	48	static
m_dl_typ.c:64:8:REFW_get_using_timer	48	static
m_dl_typ.c:68:8:REFW_get_FHM_holding_RE_file_info	48	static
m_dl_typ.c:72:7:REFW_get_transfer_complete_part_no	48	static
m_dl_typ.c:76:7:REFW_get_transfer_complete_data_size	48	static
m_dl_typ.c:80:8:REFW_get_report_result	48	static
m_dl_typ.c:94:8:REFW_get_resend_counter	48	static
m_dl_typ.c:109:8:REFW_set_CPRI_no	48	static
m_dl_typ.c:114:8:REFW_set_RE_status	48	static
m_dl_typ.c:119:8:REFW_set_update_start_factor	48	static
m_dl_typ.c:124:8:REFW_set_maker_id	48	static
m_dl_typ.c:129:8:REFW_set_major_version_using	48	static
m_dl_typ.c:134:8:REFW_set_minor_version_using	48	static
m_dl_typ.c:139:8:REFW_set_major_version_startup	48	static
m_dl_typ.c:144:8:REFW_set_minor_version_startup	48	static
m_dl_typ.c:149:8:REFW_set_using_timer	48	static
m_dl_typ.c:154:8:REFW_set_FHM_holding_RE_file_info	48	static
m_dl_typ.c:159:7:REFW_set_transfer_complete_part_no	48	static
m_dl_typ.c:164:7:REFW_set_transfer_complete_data_size	48	static
m_dl_typ.c:169:8:REFW_set_report_result	48	static
m_dl_typ.c:185:8:REFW_set_resend_counter	48	static
m_dl_typ.c:203:8:DLM_get_executing_DL_start_factor	48	static
m_dl_typ.c:211:8:DLM_get_updating_link_info	64	dynamic,bounded
m_dl_typ.c:230:8:DLM_get_flash_write_flag	48	static
m_dl_typ.c:234:8:DLM_get_DownLoading_RE_file_read_status	48	static
m_dl_typ.c:238:8:DLM_get_DownLoading_RE_file_info	48	static
m_dl_typ.c:242:8:DLM_get_maker_id	48	static
m_dl_typ.c:246:8:DLM_get_major_version_using	48	static
m_dl_typ.c:250:8:DLM_get_minor_version_using	48	static
m_dl_typ.c:254:8:DLM_get_major_version_startup	48	static
m_dl_typ.c:258:8:DLM_get_minor_version_startup	48	static
m_dl_typ.c:262:8:DLM_set_executing_DL_start_factor	48	static
m_dl_typ.c:267:8:DLM_set_updating_link_info	64	dynamic,bounded
m_dl_typ.c:295:8:DLM_set_flash_write_flag	48	static
m_dl_typ.c:300:8:DLM_set_DownLoading_RE_file_read_status	48	static
m_dl_typ.c:305:8:DLM_set_DownLoading_RE_file_info	48	static
m_dl_typ.c:310:8:DLM_set_maker_id	48	static
m_dl_typ.c:315:8:DLM_set_major_version_using	48	static
m_dl_typ.c:320:8:DLM_set_minor_version_using	48	static
m_dl_typ.c:325:8:DLM_set_major_version_startup	48	static
m_dl_typ.c:330:8:DLM_set_minor_version_startup	48	static
m_dl_typ.c:337:8:FHMRE_get_maker_id	48	static
m_dl_typ.c:341:8:FHMRE_get_major_version	48	static
m_dl_typ.c:345:8:FHMRE_get_minor_version	48	static
m_dl_typ.c:349:8:FHMRE_get_maker_id_RE_connection_exist	48	static
m_dl_typ.c:353:8:FHMRE_get_file_name	48	static
m_dl_typ.c:357:7:FHMRE_get_file_size	48	static
m_dl_typ.c:361:7:FHMRE_get_file_date	48	static
m_dl_typ.c:365:7:FHMRE_get_number_part	48	static
m_dl_typ.c:369:7:FHMRE_get_file_data_expand_first_addr	48	static
m_dl_typ.c:374:8:FHMRE_set_maker_id	48	static
m_dl_typ.c:379:8:FHMRE_set_major_version	48	static
m_dl_typ.c:384:8:FHMRE_set_minor_version	48	static
m_dl_typ.c:389:8:FHMRE_set_maker_id_RE_connection_exist	48	static
m_dl_typ.c:394:8:FHMRE_set_file_name	48	static
m_dl_typ.c:405:7:FHMRE_set_file_size	48	static
m_dl_typ.c:415:7:FHMRE_set_number_part	48	static
m_dl_typ.c:420:7:FHMRE_set_file_data_expand_first_addr	48	static
m_dl_typ.c:426:8:REC_get_status	48	static
m_dl_typ.c:430:8:REC_get_using_timer	48	static
m_dl_typ.c:438:7:REC_get_recived_part_no	48	static
m_dl_typ.c:442:7:REC_get_recived_data_size	48	static
m_dl_typ.c:450:8:REC_get_file_info_report_result	48	static
m_dl_typ.c:454:8:REC_get_file_data_send_complete_report_result	48	static
m_dl_typ.c:459:8:REC_set_status	48	static
m_dl_typ.c:464:8:REC_set_using_timer	48	static
m_dl_typ.c:470:7:REC_set_recived_part_no	48	static
m_dl_typ.c:475:7:REC_set_recived_data_size	48	static
m_dl_typ.c:481:8:REC_set_file_info_report_result	48	static
m_dl_typ.c:486:8:REC_set_file_data_send_complete_report_result	48	static
