m_dl_REExpandFileUpdate.c:22:6:m_dl_FWFileInfoRequestSnd	128	dynamic,bounded
m_dl_REExpandFileUpdate.c:88:8:m_dl_check_download_continue	160	dynamic,bounded
m_dl_REExpandFileUpdate.c:232:6:m_dl_FWFileReportRspRcv	112	dynamic,bounded
m_dl_REExpandFileUpdate.c:411:6:m_dl_FileInfoReportNotice	160	dynamic,bounded
m_dl_REExpandFileUpdate.c:473:8:m_dl_REFileInfReportRspRcv	80	dynamic,bounded
m_dl_REExpandFileUpdate.c:520:6:m_dl_rec_finfrsp_waiting_fwsnd	128	dynamic,bounded
m_dl_REExpandFileUpdate.c:546:7:fill_msg_with_data	80	static
m_dl_REExpandFileUpdate.c:592:6:m_dl_SendFileDataStart	80	dynamic,bounded
m_dl_REExpandFileUpdate.c:626:8:m_dl_SendFileData	192	dynamic,bounded
m_dl_REExpandFileUpdate.c:697:6:m_dl_SendFileDataEnd	160	dynamic,bounded
m_dl_REExpandFileUpdate.c:765:6:m_dl_REFileDataSndCompleteReportRspRcv	128	dynamic,bounded
m_dl_REExpandFileUpdate.c:845:6:m_dl_ResumeWaitRE	32	static
m_dl_REExpandFileUpdate.c:876:6:m_dl_REFileNotUpdate	224	dynamic,bounded
m_dl_REExpandFileUpdate.c:974:6:m_dl_FWFileReportRespondNG	128	dynamic,bounded
m_dl_REExpandFileUpdate.c:1074:6:m_dl_FileInfoReportRespondNG	80	dynamic,bounded
m_dl_REExpandFileUpdate.c:1153:6:m_dl_FileDataSendCopmleteReportRespondNG	96	dynamic,bounded
m_dl_REExpandFileUpdate.c:1260:8:m_dl_RELinkDisconect	80	dynamic,bounded
