value.h:467:1:mrb_false_value	48	static
value.h:485:1:mrb_true_value	48	static
dulib_tbl.c:749:14:rrhlib_init_cmdshm	128	static
dulib_tbl.c:1084:22:rrhlib_cmdshm_key_search	64	static
dulib_tbl.c:1112:22:rrhlib_cmdshm_key_search2	80	static
dulib_tbl.c:1134:22:rrhlib_cmdshm_key_search3	80	static
dulib_tbl.c:1156:6:rrhlib_cmdshm_update	96	static
dulib_tbl.c:1198:11:rrhlib_cmdshm_read	160	static
dulib_tbl.c:1225:11:rrhlib_cmdshm_read_cm	64	static
dulib_tbl.c:1231:11:rrhlib_cmdshm_read_ptp	64	static
dulib_tbl.c:1257:11:rrhlib_cmdshm_read2	192	dynamic,bounded
dulib_tbl.c:1285:11:rrhlib_cmdshm_read2_fh	64	static
dulib_tbl.c:1311:11:rrhlib_cmdshm_read3	208	dynamic,bounded
dulib_tbl.c:1340:11:rrhlib_cmdshm_read3_tx	64	static
dulib_tbl.c:1346:11:rrhlib_cmdshm_read3_rx	64	static
dulib_tbl.c:1372:11:rrhlib_cmdshm_write	96	static
dulib_tbl.c:1391:11:rrhlib_cmdshm_write_cm	64	static
dulib_tbl.c:1396:11:rrhlib_cmdshm_write_ptp	64	static
dulib_tbl.c:1421:11:rrhlib_cmdshm_write2	128	dynamic,bounded
dulib_tbl.c:1442:11:rrhlib_cmdshm_write2_fh	64	static
dulib_tbl.c:1467:11:rrhlib_cmdshm_write3	144	dynamic,bounded
dulib_tbl.c:1488:11:rrhlib_cmdshm_write3_tx	64	static
dulib_tbl.c:1493:11:rrhlib_cmdshm_write3_rx	64	static
dulib_tbl.c:1513:14:rrhlib_tbl_access_install	48	static
