value.h:295:1:mrb_float_value	64	static
value.h:419:1:mrb_fixnum_value	64	static
value.h:467:1:mrb_false_value	48	static
value.h:485:1:mrb_true_value	48	static
dulib.c:103:6:f_rrhlib_dmsg	528	static
dulib.c:138:6:rrhlib_print_error	48	static
dulib.c:159:6:rrhlib_clean	48	static
dulib.c:190:6:rrhlib_sigcatch	176	static
dulib.c:234:6:rrhlib_init	48	static
dulib.c:285:5:f_rrhlib_memchecker	80	dynamic
dulib.c:308:6:rrhlib_usage	48	static
dulib.c:334:11:rrhlib_dmsg_onoff	64	static
dulib.c:369:11:rrhlib_fflush	64	static
dulib.c:395:11:rrhlib_logger	112	static
dulib.c:479:11:rrhlib_loglvlget	112	static
dulib.c:532:11:rrhlib_loglvlset	112	static
dulib.c:583:11:rrhlib_require	112	static
dulib.c:630:11:rrhlib_getline	352	static
dulib.c:669:11:rrhlib_sleep	96	static
dulib.c:704:11:rrhlib_system	80	static
dulib.c:735:11:rrhlib_malloc	80	static
dulib.c:766:11:rrhlib_free	80	static
dulib.c:803:11:rrhlib_memcmp	96	static
dulib.c:853:11:rrhlib_timer	64	static
dulib.c:888:11:rrhlib_dcatch	96	static
dulib.c:931:11:rrhlib_sigqueue	224	dynamic,bounded
dulib.c:1125:11:rrhlib_string_clac	208	static
dulib.c:1211:11:rrhlib_string_clac_training	224	dynamic,bounded
dulib.c:1294:11:rrhlib_val_to_val	160	static
dulib.c:1375:11:rrhlib_add_CRC	112	static
dulib.c:1417:11:rrhlib_little_CRC	112	static
dulib.c:1470:11:rrhlib_assign	64	static
dulib.c:1514:11:rrhlib_unassign	64	static
dulib.c:1538:14:rrhlib_obj_to_buf	80	static
dulib.c:1591:14:rrhlib_buf_to_obj	112	static
dulib.c:1679:11:rrhlib_msgset	144	static
dulib.c:1758:11:rrhlib_msgset_b	144	static
dulib.c:1826:11:rrhlib_msgget	144	static
dulib.c:1905:11:rrhlib_msgget_b	144	static
dulib.c:1976:11:rrhlib_msgsend	240	dynamic,bounded
dulib.c:2082:11:rrhlib_msgrecv	240	dynamic,bounded
dulib.c:2179:11:rrhlib_psstat	112	static
dulib.c:2242:11:rrhlib_exit	64	static
dulib.c:2270:11:rrhlib_tsocket	96	static
dulib.c:2308:11:rrhlib_tconnect	128	dynamic,bounded
dulib.c:2355:11:rrhlib_tsend2	16512	static
dulib.c:2415:11:rrhlib_trecv2	16528	static
dulib.c:2470:11:rrhlib_close	64	static
dulib.c:2496:14:rrhlib_install	64	static
